------------------------------------------------------------
TimeQuest Timing Analyzer Summary
------------------------------------------------------------

Type  : Setup 'MODE[1]'
Slack : -8.129
TNS   : -102.219

Type  : Setup 'MODE[0]'
Slack : -7.874
TNS   : -99.313

Type  : Setup 'CLK'
Slack : -1.823
TNS   : -6.250

Type  : Hold 'MODE[1]'
Slack : -9.824
TNS   : -76.657

Type  : Hold 'MODE[0]'
Slack : -9.104
TNS   : -78.149

Type  : Hold 'CLK'
Slack : 1.696
TNS   : 0.000

Type  : Recovery 'MODE[0]'
Slack : -3.128
TNS   : -17.579

Type  : Recovery 'MODE[1]'
Slack : -2.408
TNS   : -11.099

Type  : Removal 'MODE[1]'
Slack : -6.340
TNS   : -47.493

Type  : Removal 'MODE[0]'
Slack : -6.171
TNS   : -48.082

Type  : Minimum Pulse Width 'MODE[0]'
Slack : -3.013
TNS   : -116.783

Type  : Minimum Pulse Width 'MODE[1]'
Slack : -2.726
TNS   : -105.877

Type  : Minimum Pulse Width 'CLK'
Slack : -2.289
TNS   : -2.289

------------------------------------------------------------
